Traceback (most recent call last):
  File "/home/clement/PycharmProjects/slam-robot/.venv/lib/python3.11/site-packages/jupyter_cache/executors/utils.py", line 58, in single_nb_execution
    executenb(
  File "/home/clement/PycharmProjects/slam-robot/.venv/lib/python3.11/site-packages/nbclient/client.py", line 1314, in execute
    return NotebookClient(nb=nb, resources=resources, km=km, **kwargs).execute()
           ^^^^^^^^^^^^^^^^^^^^^^^^^^^^^^^^^^^^^^^^^^^^^^^^^^^^^^^^^^^^^^^^^^^^^
  File "/home/clement/PycharmProjects/slam-robot/.venv/lib/python3.11/site-packages/jupyter_core/utils/__init__.py", line 165, in wrapped
    return loop.run_until_complete(inner)
           ^^^^^^^^^^^^^^^^^^^^^^^^^^^^^^
  File "/home/clement/.pyenv/versions/3.11.5/lib/python3.11/asyncio/base_events.py", line 653, in run_until_complete
    return future.result()
           ^^^^^^^^^^^^^^^
  File "/home/clement/PycharmProjects/slam-robot/.venv/lib/python3.11/site-packages/nbclient/client.py", line 709, in async_execute
    await self.async_execute_cell(
  File "/home/clement/PycharmProjects/slam-robot/.venv/lib/python3.11/site-packages/nbclient/client.py", line 1062, in async_execute_cell
    await self._check_raise_for_error(cell, cell_index, exec_reply)
  File "/home/clement/PycharmProjects/slam-robot/.venv/lib/python3.11/site-packages/nbclient/client.py", line 918, in _check_raise_for_error
    raise CellExecutionError.from_cell_and_msg(cell, exec_reply_content)
nbclient.exceptions.CellExecutionError: An error occurred while executing the following cell:
------------------
theta = np.linspace(0, 2*np.pi, 100)

def polar_circle_equation(theta, minimal_distance, angle_at_minimal_distance):
    return minimal_distance/(np.cos(theta - angle_at_minimal_distance))

r = polar_circle_equation(theta, 10, 2*np.pi/3)
------------------


[0;31m---------------------------------------------------------------------------[0m
[0;31mNameError[0m                                 Traceback (most recent call last)
Cell [0;32mIn[2], line 1[0m
[0;32m----> 1[0m theta [38;5;241m=[39m [43mnp[49m[38;5;241m.[39mlinspace([38;5;241m0[39m, [38;5;241m2[39m[38;5;241m*[39mnp[38;5;241m.[39mpi, [38;5;241m100[39m)
[1;32m      3[0m [38;5;28;01mdef[39;00m [38;5;21mpolar_circle_equation[39m(theta, minimal_distance, angle_at_minimal_distance):
[1;32m      4[0m     [38;5;28;01mreturn[39;00m minimal_distance[38;5;241m/[39m(np[38;5;241m.[39mcos(theta [38;5;241m-[39m angle_at_minimal_distance))

[0;31mNameError[0m: name 'np' is not defined

